src/handlers/api/getPipelineData.ts(767,59): error TS2345: Argument of type '{ fullName: string; fileCount: number; outputLength: number; }' is not assignable to parameter of type 'string'.
src/handlers/api/getPipelineData.ts(935,60): error TS2345: Argument of type '{ inputLength: number; outputLength: number; }' is not assignable to parameter of type 'string'.
